// Jest Snapshot v1, https://goo.gl/fbAQLP

exports[`AuthModel Component Snapshot Test Should render correctly 1`] = `
<div
  className="auth-modal"
>
  <div
    className="close-icon"
    onClick={[Function]}
  >
    â“§
  </div>
  <h2>
    Create Account
  </h2>
  <p>
    By Clicking Submit, you agree to our terms. Learn how we process your data in our Privacy Policy and Cookie Policy.
  </p>
  <form
    onSubmit={[Function]}
  >
    <input
      id="email"
      name="email"
      onChange={[Function]}
      placeholder="email"
      required={true}
      type="email"
    />
    <input
      id="password"
      name="password"
      onChange={[Function]}
      placeholder="password"
      required={true}
      type="password"
    />
    <input
      id="password-check"
      name="password-check"
      onChange={[Function]}
      placeholder="confirm password"
      required={true}
      type="password"
    />
    <input
      className="secondary-button"
      type="submit"
    />
    <p />
  </form>
  <hr />
  <h2>
    GET THE APP
  </h2>
</div>
`;
