// Jest Snapshot v1, https://goo.gl/fbAQLP

exports[`Home Page Snapshot Test Should render correctly 1`] = `
<div
  className="overlay"
>
  <nav>
    <div
      className="logo-container"
    >
      <img
        alt="Logo"
        className="logo"
        src="paw_tinder_logo_black.png"
      />
    </div>
  </nav>
  <div
    className="home"
  >
    <h1
      className="primary-title"
    >
      Sniff RightÂ®
    </h1>
    <button
      className="primary-button"
      onClick={[Function]}
    >
      Create Account
    </button>
  </div>
</div>
`;
