// Jest Snapshot v1, https://goo.gl/fbAQLP

exports[`Nav Component Snapshot Test Should render correctly 1`] = `
<nav>
  <div
    className="logo-container"
  >
    <img
      alt="Logo"
      className="logo"
      src="paw_tinder_logo_black.png"
    />
  </div>
</nav>
`;
