// Jest Snapshot v1, https://goo.gl/fbAQLP

exports[`Onboarding Page Snapshot Test Should render correctly 1`] = `
Array [
  <nav>
    <div
      className="logo-container"
    >
      <img
        alt="Logo"
        className="logo"
        src="paw_tinder_logo.png"
      />
    </div>
  </nav>,
  <div
    className="onboarding"
  >
    <h2>
      Create Account
    </h2>
    <form
      onSubmit={[Function]}
    >
      <section>
        <label
          htmlFor="first_name"
        >
          First Name
        </label>
        <input
          id="first_name"
          name="first_name"
          onChange={[Function]}
          placeholder="First Name"
          required={true}
          type="text"
          value=""
        />
        <label>
          Birthday
        </label>
        <div
          className="multiple-input-container"
        >
          <input
            id="dob_day"
            max="31"
            min="1"
            name="dob_day"
            onChange={[Function]}
            placeholder="DD"
            required={true}
            type="number"
            value=""
          />
          <input
            id="dob_month"
            max="12"
            min="1"
            name="dob_month"
            onChange={[Function]}
            placeholder="MM"
            required={true}
            type="number"
            value=""
          />
          <input
            id="dob_year"
            name="dob_year"
            onChange={[Function]}
            placeholder="YYYY"
            required={true}
            type="number"
            value=""
          />
        </div>
        <label>
          Gender
        </label>
        <div
          className="multiple-input-container"
        >
          <input
            checked={true}
            id="man_gender_identity"
            name="gender_identity"
            onChange={[Function]}
            type="radio"
            value="man"
          />
          <label
            htmlFor="man_gender_identity"
          >
            Good Boy
          </label>
          <input
            checked={false}
            id="woman_gender_identity"
            name="gender_identity"
            onChange={[Function]}
            type="radio"
            value="woman"
          />
          <label
            htmlFor="woman_gender_identity"
          >
            Sweet Girl
          </label>
          <input
            checked={false}
            id="more_gender_identity"
            name="gender_identity"
            onChange={[Function]}
            type="radio"
            value="more"
          />
          <label
            htmlFor="more_gender_identity"
          >
            More
          </label>
        </div>
        <label
          htmlFor="show_gender"
        >
          Show gender on my profile
        </label>
        <input
          checked={false}
          id="show_gender"
          name="show_gender"
          onChange={[Function]}
          type="checkbox"
        />
        <label>
          Show Me
        </label>
        <div
          className="multiple-input-container"
        >
          <input
            checked={false}
            id="man_gender_interest"
            name="gender_interest"
            onChange={[Function]}
            type="radio"
            value="man"
          />
          <label
            htmlFor="man_gender_interest"
          >
            Good Boy
          </label>
          <input
            checked={true}
            id="woman_gender_interest"
            name="gender_interest"
            onChange={[Function]}
            type="radio"
            value="woman"
          />
          <label
            htmlFor="woman_gender_interest"
          >
            Sweet Girl
          </label>
          <input
            checked={false}
            id="everyone_gender_interest"
            name="gender_interest"
            onChange={[Function]}
            type="radio"
            value="everyone"
          />
          <label
            htmlFor="everyone_gender_interest"
          >
            Everyone
          </label>
        </div>
        <label
          htmlFor="about"
        >
          About Me
        </label>
        <input
          id="about"
          name="about"
          onChange={[Function]}
          placeholder="I love playing fetch..."
          required={true}
          type="text"
          value=""
        />
        <input
          type="submit"
        />
      </section>
      <section>
        <label
          htmlFor="about"
        >
          Profile
        </label>
        <input
          id="url"
          name="url"
          onChange={[Function]}
          required={true}
          type="url"
        />
        <div
          className="photo-container"
        >
          <img
            alt="Profile"
            src=""
          />
        </div>
      </section>
    </form>
  </div>,
]
`;
