// Jest Snapshot v1, https://goo.gl/fbAQLP

exports[`React App AuthModal Renders Correctly 1`] = `
<div
  class="auth-modal"
>
  <div
    class="close-icon"
  >
    â“§
  </div>
  <h2>
    Create Account
  </h2>
  <p>
    By Clicking Log In, you agree to our terms. Learn how we process your data in our Privacy Policy and Cookie Policy.
  </p>
  <form>
    <input
      id="email"
      name="email"
      placeholder="email"
      required=""
      type="email"
    />
    <input
      id="password"
      name="password"
      placeholder="password"
      required=""
      type="password"
    />
    <input
      id="password-check"
      name="password-check"
      placeholder="confirm password"
      required=""
      type="password"
    />
    <input
      class="secondary-button"
      type="submit"
    />
    <p />
  </form>
  <hr />
  <h2>
    GET THE APP
  </h2>
</div>
`;
