// Jest Snapshot v1, https://goo.gl/fbAQLP

exports[`React App Home Renders Correctly 1`] = `
<div
  class="overlay"
>
  <nav>
    <div
      class="logo-container"
    >
      <img
        alt="Logo"
        class="logo"
        src="paw_tinder_logo_black.png"
      />
    </div>
    <button
      class="nav-button"
    >
      Log In
    </button>
  </nav>
  <div
    class="home"
  >
    <h1
      class="primary-title"
    >
      Sniff RightÂ®
    </h1>
    <button
      class="primary-button"
    >
      Create Account
    </button>
  </div>
</div>
`;
