// Jest Snapshot v1, https://goo.gl/fbAQLP

exports[`React App Renders Correctly 1`] = `
<nav>
  <div
    class="logo-container"
  >
    <img
      alt="Logo"
      class="logo"
      src="paw_tinder_logo.png"
    />
  </div>
  <button
    class="nav-button"
  >
    Log in
  </button>
</nav>
`;
